================================================================================
PHARMACEUTICAL PLATFORM - COMPREHENSIVE API TESTING
================================================================================
Test Date: 2025-11-03 18:03:12
Platform URL: https://e15thsj0jrus.space.minimax.io
================================================================================

FRONTEND TESTS
--------------------------------------------------------------------------------
[PASS] Homepage Loading
      HTTP 200, 0.07s
[PASS] Title Tag Present
      Title found
[PASS] React Root Element
      Found
[PASS] PWA Manifest
      HTTP 200
[PASS] Service Worker
      HTTP 200

DATABASE API TESTS
--------------------------------------------------------------------------------
[FAIL] Get Categories
      HTTP 404, Count: 0
[PASS] Get Products
      HTTP 200, Count: 5

EDGE FUNCTION TESTS
--------------------------------------------------------------------------------
[PASS] Rate Limiting Function
      HTTP 401

================================================================================
SUMMARY
================================================================================
Total: 8 | Passed: 7 | Failed: 1
Success Rate: 87.5%

FAILED TESTS:
  - Get Categories: HTTP 404, Count: 0
